// Jest Snapshot v1, https://goo.gl/fbAQLP

exports[`SmallMovieCardComponent should render SmallMovieCard correctly 1`] = `
<article
  className="small-movie-card catalog__movies-card"
  onClick={[Function]}
  onMouseEnter={[Function]}
  onMouseLeave={[Function]}
>
  <div
    className="small-movie-card__image"
  >
    <video
      className="player__video"
      poster="img/the-grand-budapest-hotel-poster.jpg"
    />
    <img
      alt="The Grand Budapest Hotel"
      height="175"
      src="img/the-grand-budapest-hotel-poster.jpg"
      width="280"
    />
  </div>
  <h3
    className="small-movie-card__title"
  >
    <a
      className="small-movie-card__link"
      href="movie-page.html"
      onClick={[Function]}
    >
      The Grand Budapest Hotel
    </a>
  </h3>
</article>
`;
